// Vitest Snapshot v1, https://vitest.dev/guide/snapshot.html

exports[`sessions > get > should create and get a session 1`] = `
{
  "authenticated_at": "2025-02-11T14:09:13.945Z",
  "client_id": "clientId",
  "clients": [],
  "created_at": "2025-02-11T14:09:13.945Z",
  "deleted_at": null,
  "device": {
    "initial_asn": "",
    "initial_ip": "",
    "initial_user_agent": "",
    "last_asn": "",
    "last_ip": "",
    "last_user_agent": "",
  },
  "expires_at": "2021-01-01T00:00:00.000Z",
  "id": "sessionId",
  "idle_expires_at": "2021-01-01T00:00:00.000Z",
  "last_interaction_at": "2025-02-11T14:09:13.945Z",
  "revoked_at": null,
  "session_id": null,
  "updated_at": "2025-02-11T14:09:13.945Z",
  "used_at": "2021-01-01T00:00:00.000Z",
  "user_id": "email|userId",
}
`;
